[    0.000000] Linux version 4.15.0-166-generic (buildd@lgw01-amd64-012) (gcc version 7.5.0 (Ubuntu 7.5.0-3ubuntu1~18.04)) #174-Ubuntu SMP Wed Dec 8 19:07:44 UTC 2021 (Ubuntu 4.15.0-166.174-generic 4.15.18)
[    0.000000] Command line: BOOT_IMAGE=/boot/vmlinuz-4.15.0-166-generic root=LABEL=cloudimg-rootfs ro console=tty1 console=ttyS0
[    0.000000] KERNEL supported cpus:
[    0.000000]   Intel GenuineIntel
[    0.000000]   AMD AuthenticAMD
[    0.000000]   Centaur CentaurHauls
[    0.000000] x86/fpu: Supporting XSAVE feature 0x001: 'x87 floating point registers'
[    0.000000] x86/fpu: Supporting XSAVE feature 0x002: 'SSE registers'
[    0.000000] x86/fpu: Supporting XSAVE feature 0x004: 'AVX registers'
[    0.000000] x86/fpu: xstate_offset[2]:  576, xstate_sizes[2]:  256
[    0.000000] x86/fpu: Enabled xstate features 0x7, context size is 832 bytes, using 'standard' format.
[    0.000000] e820: BIOS-provided physical RAM map:
[    0.000000] BIOS-e820: [mem 0x0000000000000000-0x000000000009fbff] usable
[    0.000000] BIOS-e820: [mem 0x000000000009fc00-0x000000000009ffff] reserved
[    0.000000] BIOS-e820: [mem 0x00000000000f0000-0x00000000000fffff] reserved
[    0.000000] BIOS-e820: [mem 0x0000000000100000-0x000000003ffeffff] usable
[    0.000000] BIOS-e820: [mem 0x000000003fff0000-0x000000003fffffff] ACPI data
[    0.000000] BIOS-e820: [mem 0x00000000fec00000-0x00000000fec00fff] reserved
[    0.000000] BIOS-e820: [mem 0x00000000fee00000-0x00000000fee00fff] reserved
[    0.000000] BIOS-e820: [mem 0x00000000fffc0000-0x00000000ffffffff] reserved
[    0.000000] NX (Execute Disable) protection: active
[    0.000000] SMBIOS 2.5 present.
[    0.000000] DMI: innotek GmbH VirtualBox/VirtualBox, BIOS VirtualBox 12/01/2006
[    0.000000] Hypervisor detected: KVM
[    0.000000] e820: last_pfn = 0x3fff0 max_arch_pfn = 0x400000000
[    0.000000] MTRR: Disabled
[    0.000000] x86/PAT: MTRRs disabled, skipping PAT initialization too.
[    0.000000] CPU MTRRs all blank - virtualized system.
[    0.000000] x86/PAT: Configuration [0-7]: WB  WT  UC- UC  WB  WT  UC- UC  
[    0.000000] found SMP MP-table at [mem 0x0009fff0-0x0009ffff]
[    0.000000] Scanning 1 areas for low memory corruption
[    0.000000] RAMDISK: [mem 0x359c7000-0x36cdafff]
[    0.000000] ACPI: Early table checksum verification disabled
[    0.000000] ACPI: RSDP 0x00000000000E0000 000024 (v02 VBOX  )
[    0.000000] ACPI: XSDT 0x000000003FFF0030 00003C (v01 VBOX   VBOXXSDT 00000001 ASL  00000061)
[    0.000000] ACPI: FACP 0x000000003FFF00F0 0000F4 (v04 VBOX   VBOXFACP 00000001 ASL  00000061)
[    0.000000] ACPI: DSDT 0x000000003FFF0470 002325 (v02 VBOX   VBOXBIOS 00000002 INTL 20190509)
[    0.000000] ACPI: FACS 0x000000003FFF0200 000040
[    0.000000] ACPI: FACS 0x000000003FFF0200 000040
[    0.000000] ACPI: APIC 0x000000003FFF0240 00005C (v02 VBOX   VBOXAPIC 00000001 ASL  00000061)
[    0.000000] ACPI: SSDT 0x000000003FFF02A0 0001CC (v01 VBOX   VBOXCPUT 00000002 INTL 20190509)
[    0.000000] ACPI: Reserving FACP table memory at [mem 0x3fff00f0-0x3fff01e3]
[    0.000000] ACPI: Reserving DSDT table memory at [mem 0x3fff0470-0x3fff2794]
[    0.000000] ACPI: Reserving FACS table memory at [mem 0x3fff0200-0x3fff023f]
[    0.000000] ACPI: Reserving FACS table memory at [mem 0x3fff0200-0x3fff023f]
[    0.000000] ACPI: Reserving APIC table memory at [mem 0x3fff0240-0x3fff029b]
[    0.000000] ACPI: Reserving SSDT table memory at [mem 0x3fff02a0-0x3fff046b]
[    0.000000] No NUMA configuration found
[    0.000000] Faking a node at [mem 0x0000000000000000-0x000000003ffeffff]
[    0.000000] NODE_DATA(0) allocated [mem 0x3ffc5000-0x3ffeffff]
[    0.000000] kvm-clock: cpu 0, msr 0:3ff44001, primary cpu clock
[    0.000000] kvm-clock: Using msrs 4b564d01 and 4b564d00
[    0.000000] kvm-clock: using sched offset of 3107043379 cycles
[    0.000000] clocksource: kvm-clock: mask: 0xffffffffffffffff max_cycles: 0x1cd42e4dffb, max_idle_ns: 881590591483 ns
[    0.000000] Zone ranges:
[    0.000000]   DMA      [mem 0x0000000000001000-0x0000000000ffffff]
[    0.000000]   DMA32    [mem 0x0000000001000000-0x000000003ffeffff]
[    0.000000]   Normal   empty
[    0.000000]   Device   empty
[    0.000000] Movable zone start for each node
[    0.000000] Early memory node ranges
[    0.000000]   node   0: [mem 0x0000000000001000-0x000000000009efff]
[    0.000000]   node   0: [mem 0x0000000000100000-0x000000003ffeffff]
[    0.000000] Reserved but unavailable: 104 pages
[    0.000000] Initmem setup node 0 [mem 0x0000000000001000-0x000000003ffeffff]
[    0.000000] ACPI: PM-Timer IO Port: 0x4008
[    0.000000] IOAPIC[0]: apic_id 2, version 32, address 0xfec00000, GSI 0-23
[    0.000000] ACPI: INT_SRC_OVR (bus 0 bus_irq 0 global_irq 2 dfl dfl)
[    0.000000] ACPI: INT_SRC_OVR (bus 0 bus_irq 9 global_irq 9 low level)
[    0.000000] Using ACPI (MADT) for SMP configuration information
[    0.000000] smpboot: Allowing 2 CPUs, 0 hotplug CPUs
[    0.000000] PM: Registered nosave memory: [mem 0x00000000-0x00000fff]
[    0.000000] PM: Registered nosave memory: [mem 0x0009f000-0x0009ffff]
[    0.000000] PM: Registered nosave memory: [mem 0x000a0000-0x000effff]
[    0.000000] PM: Registered nosave memory: [mem 0x000f0000-0x000fffff]
[    0.000000] e820: [mem 0x40000000-0xfebfffff] available for PCI devices
[    0.000000] Booting paravirtualized kernel on KVM
[    0.000000] clocksource: refined-jiffies: mask: 0xffffffff max_cycles: 0xffffffff, max_idle_ns: 7645519600211568 ns
[    0.000000] random: get_random_bytes called from start_kernel+0x99/0x500 with crng_init=0
[    0.000000] setup_percpu: NR_CPUS:8192 nr_cpumask_bits:2 nr_cpu_ids:2 nr_node_ids:1
[    0.000000] percpu: Embedded 45 pages/cpu s147456 r8192 d28672 u1048576
[    0.000000] PV qspinlock hash table entries: 256 (order: 0, 4096 bytes)
[    0.000000] Built 1 zonelists, mobility grouping on.  Total pages: 257913
[    0.000000] Policy zone: DMA32
[    0.000000] Kernel command line: BOOT_IMAGE=/boot/vmlinuz-4.15.0-166-generic root=LABEL=cloudimg-rootfs ro console=tty1 console=ttyS0
[    0.000000] Memory: 982700K/1048120K available (12300K kernel code, 2483K rwdata, 4320K rodata, 2448K init, 2724K bss, 65420K reserved, 0K cma-reserved)
[    0.000000] SLUB: HWalign=64, Order=0-3, MinObjects=0, CPUs=2, Nodes=1
[    0.000000] Kernel/User page tables isolation: enabled
[    0.000000] ftrace: allocating 39491 entries in 155 pages
[    0.004000] Hierarchical RCU implementation.
[    0.004000] 	RCU restricting CPUs from NR_CPUS=8192 to nr_cpu_ids=2.
[    0.004000] 	Tasks RCU enabled.
[    0.004000] RCU: Adjusting geometry for rcu_fanout_leaf=16, nr_cpu_ids=2
[    0.004000] NR_IRQS: 524544, nr_irqs: 440, preallocated irqs: 16
[    0.004000] Console: colour VGA+ 80x25
[    0.004000] console [tty1] enabled
[    0.004000] console [ttyS0] enabled
[    0.004000] ACPI: Core revision 20170831
[    0.004000] ACPI: 2 ACPI AML tables successfully acquired and loaded
[    0.004000] APIC: Switch to symmetric I/O mode setup
[    0.004000] x2apic enabled
[    0.004000] Switched APIC routing to physical x2apic.
[    0.004000] ..TIMER: vector=0x30 apic1=0 pin1=2 apic2=-1 pin2=-1
[    0.004000] tsc: Detected 3696.020 MHz processor
[    0.004000] Calibrating delay loop (skipped) preset value.. 7392.04 BogoMIPS (lpj=14784080)
[    0.004003] pid_max: default: 32768 minimum: 301
[    0.004531] Security Framework initialized
[    0.004983] Yama: becoming mindful.
[    0.005438] AppArmor: AppArmor initialized
[    0.006027] Dentry cache hash table entries: 131072 (order: 8, 1048576 bytes)
[    0.006805] Inode-cache hash table entries: 65536 (order: 7, 524288 bytes)
[    0.008009] Mount-cache hash table entries: 2048 (order: 2, 16384 bytes)
[    0.008696] Mountpoint-cache hash table entries: 2048 (order: 2, 16384 bytes)
[    0.009604] Last level iTLB entries: 4KB 128, 2MB 8, 4MB 8
[    0.010219] Last level dTLB entries: 4KB 64, 2MB 0, 4MB 0, 1GB 4
[    0.012003] Spectre V1 : Mitigation: usercopy/swapgs barriers and __user pointer sanitization
[    0.012917] Spectre V2 : Mitigation: Full generic retpoline
[    0.013526] Spectre V2 : Spectre v2 / SpectreRSB mitigation: Filling RSB on context switch
[    0.014347] Speculative Store Bypass: Vulnerable
[    0.014884] SRBDS: Unknown: Dependent on hypervisor status
[    0.015453] MDS: Mitigation: Clear CPU buffers
[    0.016119] Freeing SMP alternatives memory: 36K
[    0.125946] smpboot: CPU0: Intel(R) Core(TM) i5-9600K CPU @ 3.70GHz (family: 0x6, model: 0x9e, stepping: 0xc)
[    0.127054] Performance Events: unsupported p6 CPU model 158 no PMU driver, software events only.
[    0.128000] Hierarchical SRCU implementation.
[    0.128000] NMI watchdog: Perf event create on CPU 0 failed with -2
[    0.128000] NMI watchdog: Perf NMI watchdog permanently disabled
[    0.128029] smp: Bringing up secondary CPUs ...
[    0.128574] x86: Booting SMP configuration:
[    0.129025] .... node  #0, CPUs:      #1
[    0.004000] kvm-clock: cpu 1, msr 0:3ff44041, secondary cpu clock
[    0.132012] smp: Brought up 1 node, 2 CPUs
[    0.132492] smpboot: Max logical packages: 1
[    0.132936] smpboot: Total of 2 processors activated (14784.08 BogoMIPS)
[    0.133677] devtmpfs: initialized
[    0.133677] x86/mm: Memory block size: 128MB
[    0.133677] evm: security.selinux
[    0.133677] evm: security.SMACK64
[    0.133677] evm: security.SMACK64EXEC
[    0.136003] evm: security.SMACK64TRANSMUTE
[    0.136440] evm: security.SMACK64MMAP
[    0.136829] evm: security.apparmor
[    0.137195] evm: security.ima
[    0.137523] evm: security.capability
[    0.137961] clocksource: jiffies: mask: 0xffffffff max_cycles: 0xffffffff, max_idle_ns: 7645041785100000 ns
[    0.137961] futex hash table entries: 512 (order: 3, 32768 bytes)
[    0.140027] pinctrl core: initialized pinctrl subsystem
[    0.141070] RTC time: 13:10:05, date: 02/01/22
[    0.141642] NET: Registered protocol family 16
[    0.142219] audit: initializing netlink subsys (disabled)
[    0.142833] audit: type=2000 audit(1643721009.434:1): state=initialized audit_enabled=0 res=1
[    0.142833] cpuidle: using governor ladder
[    0.144008] cpuidle: using governor menu
[    0.144459] ACPI: bus type PCI registered
[    0.144883] acpiphp: ACPI Hot Plug PCI Controller Driver version: 0.5
[    0.145576] PCI: Using configuration type 1 for base access
[    0.146225] HugeTLB registered 2.00 MiB page size, pre-allocated 0 pages
[    0.148037] ACPI: Added _OSI(Module Device)
[    0.148525] ACPI: Added _OSI(Processor Device)
[    0.148984] ACPI: Added _OSI(3.0 _SCP Extensions)
[    0.149464] ACPI: Added _OSI(Processor Aggregator Device)
[    0.150006] ACPI: Added _OSI(Linux-Dell-Video)
[    0.150499] ACPI: Added _OSI(Linux-Lenovo-NV-HDMI-Audio)
[    0.151034] ACPI: Added _OSI(Linux-HPI-Hybrid-Graphics)
[    0.151725] ACPI: Executed 1 blocks of module-level executable AML code
[    0.154056] ACPI: Interpreter enabled
[    0.154460] ACPI: (supports S0 S5)
[    0.154830] ACPI: Using IOAPIC for interrupt routing
[    0.155475] PCI: Using host bridge windows from ACPI; if necessary, use "pci=nocrs" and report a bug
[    0.156098] ACPI: Enabled 2 GPEs in block 00 to 07
[    0.161210] ACPI: PCI Root Bridge [PCI0] (domain 0000 [bus 00-ff])
[    0.161881] acpi PNP0A03:00: _OSC: OS supports [ASPM ClockPM Segments MSI]
[    0.162907] acpi PNP0A03:00: _OSC: not requesting OS control; OS requires [ExtendedConfig ASPM ClockPM MSI]
[    0.163931] acpi PNP0A03:00: fail to add MMCONFIG information, can't access extended PCI configuration space under this bridge.
[    0.164223] PCI host bridge to bus 0000:00
[    0.164686] pci_bus 0000:00: root bus resource [io  0x0000-0x0cf7 window]
[    0.165395] pci_bus 0000:00: root bus resource [io  0x0d00-0xffff window]
[    0.166140] pci_bus 0000:00: root bus resource [mem 0x000a0000-0x000bffff window]
[    0.168001] pci_bus 0000:00: root bus resource [mem 0x40000000-0xfdffffff window]
[    0.168811] pci_bus 0000:00: root bus resource [bus 00-ff]
[    0.170454] pci 0000:00:01.1: legacy IDE quirk: reg 0x10: [io  0x01f0-0x01f7]
[    0.171191] pci 0000:00:01.1: legacy IDE quirk: reg 0x14: [io  0x03f6]
[    0.172001] pci 0000:00:01.1: legacy IDE quirk: reg 0x18: [io  0x0170-0x0177]
[    0.172727] pci 0000:00:01.1: legacy IDE quirk: reg 0x1c: [io  0x0376]
[    0.181452] pci 0000:00:07.0: quirk: [io  0x4000-0x403f] claimed by PIIX4 ACPI
[    0.182290] pci 0000:00:07.0: quirk: [io  0x4100-0x410f] claimed by PIIX4 SMB
[    0.185779] ACPI: PCI Interrupt Link [LNKA] (IRQs 5 9 10 *11)
[    0.186635] ACPI: PCI Interrupt Link [LNKB] (IRQs 5 9 *10 11)
[    0.187304] ACPI: PCI Interrupt Link [LNKC] (IRQs 5 *9 10 11)
[    0.188071] ACPI: PCI Interrupt Link [LNKD] (IRQs 5 9 10 *11)
[    0.188968] SCSI subsystem initialized
[    0.189410] pci 0000:00:02.0: vgaarb: setting as boot VGA device
[    0.189410] pci 0000:00:02.0: vgaarb: VGA device added: decodes=io+mem,owns=io+mem,locks=none
[    0.189564] pci 0000:00:02.0: vgaarb: bridge control possible
[    0.190186] vgaarb: loaded
[    0.192023] ACPI: bus type USB registered
[    0.192462] usbcore: registered new interface driver usbfs
[    0.193022] usbcore: registered new interface driver hub
[    0.193566] usbcore: registered new device driver usb
[    0.194112] EDAC MC: Ver: 3.0.0
[    0.194112] PCI: Using ACPI for IRQ routing
[    0.194112] NetLabel: Initializing
[    0.196008] NetLabel:  domain hash size = 128
[    0.196525] NetLabel:  protocols = UNLABELED CIPSOv4 CALIPSO
[    0.197105] NetLabel:  unlabeled traffic allowed by default
[    0.197715] clocksource: Switched to clocksource kvm-clock
[    0.203685] VFS: Disk quotas dquot_6.6.0
[    0.204231] VFS: Dquot-cache hash table entries: 512 (order 0, 4096 bytes)
[    0.205015] AppArmor: AppArmor Filesystem Enabled
[    0.205561] pnp: PnP ACPI init
[    0.206494] pnp: PnP ACPI: found 3 devices
[    0.213548] clocksource: acpi_pm: mask: 0xffffff max_cycles: 0xffffff, max_idle_ns: 2085701024 ns
[    0.214526] NET: Registered protocol family 2
[    0.215054] IP idents hash table entries: 16384 (order: 5, 131072 bytes)
[    0.216276] TCP established hash table entries: 8192 (order: 4, 65536 bytes)
[    0.217040] TCP bind hash table entries: 8192 (order: 5, 131072 bytes)
[    0.217723] TCP: Hash tables configured (established 8192 bind 8192)
[    0.218400] UDP hash table entries: 512 (order: 2, 16384 bytes)
[    0.219066] UDP-Lite hash table entries: 512 (order: 2, 16384 bytes)
[    0.219722] NET: Registered protocol family 1
[    0.220228] pci 0000:00:00.0: Limiting direct PCI/PCI transfers
[    0.220870] pci 0000:00:01.0: Activating ISA DMA hang workarounds
[    0.221524] pci 0000:00:02.0: Video device with shadowed ROM at [mem 0x000c0000-0x000dffff]
[    0.222449] Unpacking initramfs...
[    0.412283] Freeing initrd memory: 19536K
[    0.412887] clocksource: tsc: mask: 0xffffffffffffffff max_cycles: 0x6a8d4c18613, max_idle_ns: 881590899667 ns
[    0.414144] platform rtc_cmos: registered platform RTC device (no PNP device found)
[    0.415027] Scanning for low memory corruption every 60 seconds
[    0.416196] Initialise system trusted keyrings
[    0.416739] Key type blacklist registered
[    0.417226] workingset: timestamp_bits=36 max_order=18 bucket_order=0
[    0.418480] zbud: loaded
[    0.419142] squashfs: version 4.0 (2009/01/31) Phillip Lougher
[    0.419952] fuse init (API version 7.26)
[    0.421544] Key type asymmetric registered
[    0.421982] Asymmetric key parser 'x509' registered
[    0.422501] Block layer SCSI generic (bsg) driver version 0.4 loaded (major 246)
[    0.423271] io scheduler noop registered
[    0.423723] io scheduler deadline registered
[    0.424204] io scheduler cfq registered (default)
[    0.424942] ACPI: AC Adapter [AC] (on-line)
[    0.425463] input: Power Button as /devices/LNXSYSTM:00/LNXPWRBN:00/input/input0
[    0.426277] ACPI: Power Button [PWRF]
[    0.426758] input: Sleep Button as /devices/LNXSYSTM:00/LNXSLPBN:00/input/input1
[    0.427514] ACPI: Sleep Button [SLPF]
[    0.428191] Serial: 8250/16550 driver, 32 ports, IRQ sharing enabled
[    0.449245] 00:02: ttyS0 at I/O 0x3f8 (irq = 4, base_baud = 115200) is a 16550A
[    0.451304] Linux agpgart interface v0.103
[    0.452727] loop: module loaded
[    0.453380] scsi host0: ata_piix
[    0.453851] scsi host1: ata_piix
[    0.454257] ata1: PATA max UDMA/33 cmd 0x1f0 ctl 0x3f6 bmdma 0xd000 irq 14
[    0.454939] ata2: PATA max UDMA/33 cmd 0x170 ctl 0x376 bmdma 0xd008 irq 15
[    0.455690] libphy: Fixed MDIO Bus: probed
[    0.456194] tun: Universal TUN/TAP device driver, 1.6
[    0.456791] PPP generic driver version 2.4.2
[    0.457334] ehci_hcd: USB 2.0 'Enhanced' Host Controller (EHCI) Driver
[    0.458013] ehci-pci: EHCI PCI platform driver
[    0.458510] ehci-platform: EHCI generic platform driver
[    0.459047] ohci_hcd: USB 1.1 'Open' Host Controller (OHCI) Driver
[    0.459665] ohci-pci: OHCI PCI platform driver
[    0.460175] ohci-platform: OHCI generic platform driver
[    0.460750] uhci_hcd: USB Universal Host Controller Interface driver
[    0.461408] i8042: PNP: PS/2 Controller [PNP0303:PS2K,PNP0f03:PS2M] at 0x60,0x64 irq 1,12
[    0.462576] serio: i8042 KBD port at 0x60,0x64 irq 1
[    0.463136] serio: i8042 AUX port at 0x60,0x64 irq 12
[    0.463763] mousedev: PS/2 mouse device common for all mice
[    0.464786] rtc_cmos rtc_cmos: rtc core: registered rtc_cmos as rtc0
[    0.465522] input: AT Translated Set 2 keyboard as /devices/platform/i8042/serio0/input/input2
[    0.466402] rtc_cmos rtc_cmos: alarms up to one day, 114 bytes nvram
[    0.467176] i2c /dev entries driver
[    0.467621] device-mapper: uevent: version 1.0.3
[    0.468196] device-mapper: ioctl: 4.37.0-ioctl (2017-09-20) initialised: dm-devel@redhat.com
[    0.469178] ledtrig-cpu: registered to indicate activity on CPUs
[    0.470026] NET: Registered protocol family 10
[    0.472953] Segment Routing with IPv6
[    0.473400] NET: Registered protocol family 17
[    0.473971] Key type dns_resolver registered
[    0.474700] mce: Using 0 MCE banks
[    0.475132] RAS: Correctable Errors collector initialized.
[    0.475696] sched_clock: Marking stable (474682318, 0)->(570291809, -95609491)
[    0.476779] registered taskstats version 1
[    0.477246] Loading compiled-in X.509 certificates
[    0.479087] Loaded X.509 cert 'Build time autogenerated kernel key: 408b96eb428cbe545a63e9a677d083d5c6df802b'
[    0.480494] Loaded X.509 cert 'Canonical Ltd. Live Patch Signing: 14df34d1a87cf37625abec039ef2bf521249b969'
[    0.481861] Loaded X.509 cert 'Canonical Ltd. Kernel Module Signing: 88f752e560a1e0737e31163a466ad7b70a850c19'
[    0.482898] blacklist: Loading compiled-in revocation X.509 certificates
[    0.483617] Loaded X.509 cert 'Canonical Ltd. Secure Boot Signing: 61482aa2830d0ab2ad5af10b7250da9033ddcef0'
[    0.484645] zswap: loaded using pool lzo/zbud
[    0.487381] Key type big_key registered
[    0.487833] Key type trusted registered
[    0.489290] Key type encrypted registered
[    0.489734] AppArmor: AppArmor sha1 policy hashing enabled
[    0.490294] ima: No TPM chip found, activating TPM-bypass! (rc=-19)
[    0.490918] ima: Allocated hash algorithm: sha1
[    0.491421] evm: HMAC attrs: 0x1
[    0.491896]   Magic number: 10:44:179
[    0.492431] rtc_cmos rtc_cmos: setting system clock to 2022-02-01 13:10:05 UTC (1643721005)
[    0.493411] BIOS EDD facility v0.16 2004-Jun-25, 0 devices found
[    0.494059] EDD information not available.
[    0.637445] Freeing unused kernel image memory: 2448K
[    0.852619] Write protecting the kernel read-only data: 20480k
[    0.858092] Freeing unused kernel image memory: 2008K
[    0.862079] Freeing unused kernel image memory: 1824K
[    0.887868] x86/mm: Checked W+X mappings: passed, no W+X pages found.
[    0.890006] x86/mm: Checking user space page tables
[    0.901129] x86/mm: Checked W+X mappings: passed, no W+X pages found.
Loading, please wait...
starting version 237
[    0.951053] Fusion MPT base driver 3.04.20
[    0.951585] Copyright (c) 1999-2008 LSI Corporation
[    0.954363] Fusion MPT SPI Host driver 3.04.20
[    0.957845] e1000: Intel(R) PRO/1000 Network Driver - version 7.3.21-k8-NAPI
[    0.958613] e1000: Copyright (c) 1999-2006 Intel Corporation.
[    0.962277] mptbase: ioc0: Initiating bringup
[    0.972210] AVX2 version of gcm_enc/dec engaged.
[    0.972818] AES CTR mode by8 optimization enabled
[    1.064817] ioc0: LSI53C1030 A0: Capabilities={Initiator}
[    1.165515] input: ImExPS/2 Generic Explorer Mouse as /devices/platform/i8042/serio1/input/input4
[    1.315532] scsi host2: ioc0: LSI53C1030 A0, FwRev=00000000h, Ports=1, MaxQ=256, IRQ=20
[    1.499906] scsi 2:0:0:0: Direct-Access     VBOX     HARDDISK         1.0  PQ: 0 ANSI: 5
[    1.524125] scsi target2:0:0: Beginning Domain Validation
[    1.526203] scsi target2:0:0: Domain Validation skipping write tests
[    1.527019] scsi target2:0:0: Ending Domain Validation
[    1.527732] scsi target2:0:0: asynchronous
[    1.528714] scsi 2:0:1:0: Direct-Access     VBOX     HARDDISK         1.0  PQ: 0 ANSI: 5
[    1.768063] scsi target2:0:1: Beginning Domain Validation
[    1.769576] random: fast init done
[    1.769578] scsi target2:0:1: Domain Validation skipping write tests
[    1.770721] scsi target2:0:1: Ending Domain Validation
[    1.771320] scsi target2:0:1: asynchronous
[    1.776532] sd 2:0:0:0: Attached scsi generic sg0 type 0
[    1.777229] sd 2:0:1:0: Attached scsi generic sg1 type 0
[    1.777973] sd 2:0:0:0: [sda] 83886080 512-byte logical blocks: (42.9 GB/40.0 GiB)
[    1.778784] sd 2:0:1:0: [sdb] 20480 512-byte logical blocks: (10.5 MB/10.0 MiB)
[    1.780106] sd 2:0:1:0: [sdb] Write Protect is off
[    1.780729] random: systemd-udevd: uninitialized urandom read (16 bytes read)
[    1.781513] random: systemd-udevd: uninitialized urandom read (16 bytes read)
[    1.782264] random: systemd-udevd: uninitialized urandom read (16 bytes read)
[    1.783332] sd 2:0:0:0: [sda] Write Protect is off
[    1.783881] sd 2:0:1:0: [sdb] Incomplete mode parameter data
[    1.784553] sd 2:0:1:0: [sdb] Assuming drive cache: write through
[    1.786141] sd 2:0:0:0: [sda] Incomplete mode parameter data
[    1.787612] sd 2:0:0:0: [sda] Assuming drive cache: write through
[    1.789784]  sda: sda1
[    1.790477] sd 2:0:1:0: [sdb] Attached SCSI disk
[    1.791323] sd 2:0:0:0: [sda] Attached SCSI disk
[    1.846539] e1000 0000:00:03.0 eth0: (PCI:33MHz:32-bit) 02:8d:1f:db:13:bf
[    1.847302] e1000 0000:00:03.0 eth0: Intel(R) PRO/1000 Network Connection
[    1.848753] e1000 0000:00:03.0 enp0s3: renamed from eth0
Begin: Loading essential drivers ... [    3.680848] raid6: sse2x1   gen() 16528 MB/s
[    3.730858] raid6: sse2x1   xor() 11810 MB/s
[    3.776619] raid6: sse2x2   gen() 19157 MB/s
[    3.830951] raid6: sse2x2   xor() 14784 MB/s
[    3.876681] raid6: sse2x4   gen() 22053 MB/s
[    3.930261] raid6: sse2x4   xor() 15401 MB/s
[    3.977639] raid6: avx2x1   gen() 32373 MB/s
[    4.031134] raid6: avx2x1   xor() 25246 MB/s
[    4.081174] raid6: avx2x2   gen() 39749 MB/s
[    4.131198] raid6: avx2x2   xor() 25352 MB/s
[    4.176242] raid6: avx2x4   gen() 43353 MB/s
[    4.231308] raid6: avx2x4   xor() 31160 MB/s
[    4.231853] raid6: using algorithm avx2x4 gen() 43353 MB/s
[    4.232427] raid6: .... xor() 31160 MB/s, rmw enabled
[    4.232991] raid6: using avx2x2 recovery algorithm
[    4.234491] xor: automatically using best checksumming function   avx       
[    4.236002] async_tx: api initialized (async)
done.
Begin: Running /scripts/init-premount ... done.
Begin: Mounting root file system ... Begin: Running /scripts/local-top ... done.
Begin: Running /scripts/local-premount ... [    4.266709] Btrfs loaded, crc32c=crc32c-intel
Scanning for Btrfs filesystems
done.
Warning: fsck not present, so skipping root file system
[    4.288422] EXT4-fs (sda1): mounted filesystem with ordered data mode. Opts: (null)
done.
Begin: Running /scripts/local-bottom ... done.
Begin: Running /scripts/init-bottom ... done.
[    4.470569] ip_tables: (C) 2000-2006 Netfilter Core Team
[    4.487438] systemd[1]: systemd 237 running in system mode. (+PAM +AUDIT +SELINUX +IMA +APPARMOR +SMACK +SYSVINIT +UTMP +LIBCRYPTSETUP +GCRYPT +GNUTLS +ACL +XZ +LZ4 +SECCOMP +BLKID +ELFUTILS +KMOD -IDN2 +IDN -PCRE2 default-hierarchy=hybrid)
[    4.491989] systemd[1]: Detected virtualization oracle.
[    4.493184] systemd[1]: Detected architecture x86-64.

Welcome to [1mUbuntu 18.04.6 LTS[0m!

[    4.499657] systemd[1]: Set hostname to <ubuntu>.
[    4.502772] systemd[1]: Initializing machine ID from random generator.
[    4.503831] systemd[1]: Installed transient /etc/machine-id file.
[    5.025836] systemd[1]: Created slice System Slice.
[[0;32m  OK  [0m] Created slice System Slice.
[    5.030478] systemd[1]: Listening on LVM2 poll daemon socket.
[[0;32m  OK  [0m] Listening on LVM2 poll daemon socket.
[    5.034143] systemd[1]: Reached target User and Group Name Lookups.
[[0;32m  OK  [0m] Reached target User and Group Name Lookups.
[    5.037320] systemd[1]: Listening on Journal Audit Socket.
[[0;32m  OK  [0m] Listening on Journal Audit Socket.
[[0;32m  OK  [0m] Listening on LVM2 metadata daemon socket.
[[0;32m  OK  [0m] Reached target Swap.
[[0;32m  OK  [0m] Started Forward Password Requests to Wall Directory Watch.
[[0;32m  OK  [0m] Created slice system-serial\x2dgetty.slice.
[[0;32m  OK  [0m] Reached target System Time Synchronized.
[[0;32m  OK  [0m] Listening on Device-mapper event daemon FIFOs.
[[0;32m  OK  [0m] Listening on Journal Socket (/dev/log).
[[0;32m  OK  [0m] Listening on Network Service Netlink Socket.
[[0;32m  OK  [0m] Listening on /dev/initctl Compatibility Named Pipe.
[[0;32m  OK  [0m] Created slice User and Session Slice.
[[0;32m  OK  [0m] Reached target Slices.
[[0;32m  OK  [0m] Listening on Syslog Socket.
[[0;32m  OK  [0m] Listening on udev Kernel Socket.
[[0;32m  OK  [0m] Listening on fsck to fsckd communication Socket.
[[0;32m  OK  [0m] Set up automount Arbitrary Executabâ€¦rmats File System Automount Point.
[[0;32m  OK  [0m] Listening on udev Control Socket.
[[0;32m  OK  [0m] Listening on Journal Socket.
         Mounting POSIX Message Queue File System...
         Starting Create list of required stâ€¦ce nodes for the current kernel...
         Starting Journal Service...
         Starting File System Check on Root Device...
         Starting Set the console keyboard layout...
         Starting udev Coldplug all Devices...
         Starting Monitoring of LVM2 mirrorsâ€¦ng dmeventd or progress polling...
         Starting Uncomplicated firewall...
         Mounting Huge Pages File System...
         Mounting Kernel Debug File System...
         Starting Load Kernel Modules...
[[0;32m  OK  [0m] Started Journal Service.
[[0;32m  OK  [0m] Mounted POSIX Message Queue File System.
[[0;32m  OK  [0m] Started Uncomplicated firewall.
[[0;32m  OK  [0m] Mounted Huge Pages File System.
[[0;32m  OK  [0m] Mounted Kernel Debug File System.
[[0;32m  OK  [0m] Started File System Check Daemon to report status.
[[0;32m  OK  [0m] Started Create list of required staâ€¦vice nodes for the current kernel.
         Starting Create Static Device Nodes in /dev...
[[0;32m  OK  [0m] Started File System Check on Root Device.
[[0;32m  OK  [0m] Started udev Coldplug all Devices.
         Starting Remount Root and Kernel File Systems...
[[0;32m  OK  [0m] Started LVM2 metadata daemon.
[    5.183605] Loading iSCSI transport class v2.0-870.
[    5.188300] iscsi: registered transport (tcp)
[[0;32m  OK  [0m] Started Create Static Device Nodes in /dev.
[    5.239970] EXT4-fs (sda1): re-mounted. Opts: (null)
[[0;32m  OK  [0m] Started Remount Root and Kernel File Systems.
         Starting Flush Journal to Persistent Storage...
         Starting Load/Save Random Seed...
         Starting udev Kernel Device Manager...
[[0;32m  OK  [0m] Started Monitoring of LVM2 mirrors,â€¦sing dmeventd or progress polling.
[    5.281387] systemd-journald[409]: Received request to flush runtime journal from PID 1
[[0;32m  OK  [0m] Started Load/Save Random Seed.
[    5.292191] iscsi: registered transport (iser)
[[0;32m  OK  [0m] Started Load Kernel Modules.
         Mounting FUSE Control File System...
         Mounting Kernel Configuration File System...
         Starting Apply Kernel Variables...
[[0;32m  OK  [0m] Mounted FUSE Control File System.
[[0;32m  OK  [0m] Mounted Kernel Configuration File System.
[[0;32m  OK  [0m] Started udev Kernel Device Manager.
[[0;32m  OK  [0m] Started Apply Kernel Variables.
[[0;32m  OK  [0m] Started Flush Journal to Persistent Storage.
[[0;32m  OK  [0m] Found device /dev/ttyS0.
[[0;32m  OK  [0m] Listening on Load/Save RF Kill Switch Status /dev/rfkill Watch.
[[0;32m  OK  [0m] Started Set the console keyboard layout.
[[0;32m  OK  [0m] Reached target Local File Systems (Pre).
[[0;32m  OK  [0m] Reached target Local File Systems.
         Starting ebtables ruleset management...
         Starting AppArmor initialization...
         Starting Tell Plymouth To Write Out Runtime Data...
         Starting Set console font and keymap...
         Starting Create Volatile Files and Directories...
         Starting Commit a transient machine-id on disk...
[[0;32m  OK  [0m] Started Dispatch Password Requests to Console Directory Watch.
[[0;32m  OK  [0m] Reached target Local Encrypted Volumes.
[[0;32m  OK  [0m] Started Tell Plymouth To Write Out Runtime Data.
[[0;32m  OK  [0m] Started Create Volatile Files and Directories.
         Starting Update UTMP about System Boot/Shutdown...
[[0;32m  OK  [0m] Started Update UTMP about System Boot/Shutdown.
[[0;32m  OK  [0m] Started Commit a transient machine-id on disk.
[[0;32m  OK  [0m] Started ebtables ruleset management.
[[0;32m  OK  [0m] Started AppArmor initialization.
         Starting Load AppArmor profiles managed internally by snapd...
         Starting Initial cloud-init job (pre-networking)...
[[0;32m  OK  [0m] Started Load AppArmor profiles managed internally by snapd.
[[0;32m  OK  [0m] Started Set console font and keymap.
[    7.612724] cloud-init[874]: Cloud-init v. 21.4-0ubuntu1~18.04.1 running 'init-local' at Tue, 01 Feb 2022 13:10:12 +0000. Up 7.40 seconds.
[[0;32m  OK  [0m] Started Initial cloud-init job (pre-networking).
[[0;32m  OK  [0m] Reached target Network (Pre).
         Starting Network Service...
[[0;32m  OK  [0m] Started Network Service.
         Starting Network Name Resolution...
         Starting Wait for Network to be Configured...
[[0;32m  OK  [0m] Started Network Name Resolution.
[[0;32m  OK  [0m] Reached target Host and Network Name Lookups.
[[0;32m  OK  [0m] Reached target Network.
[[0;32m  OK  [0m] Started Wait for Network to be Configured.
         Starting Initial cloud-init job (metadata service crawler)...
[    9.681993] cloud-init[1032]: Cloud-init v. 21.4-0ubuntu1~18.04.1 running 'init' at Tue, 01 Feb 2022 13:10:14 +0000. Up 9.59 seconds.
[    9.683846] cloud-init[1032]: ci-info: ++++++++++++++++++++++++++++++++++++++Net device info++++++++++++++++++++++++++++++++++++++
[    9.684951] cloud-init[1032]: ci-info: +--------+------+----------------------------+---------------+--------+-------------------+
[    9.686488] cloud-init[1032]: ci-info: | Device |  Up  |          Address           |      Mask     | Scope  |     Hw-Address    |
[    9.687341] cloud-init[1032]: ci-info: +--------+------+----------------------------+---------------+--------+-------------------+
[    9.688404] cloud-init[1032]: ci-info: | enp0s3 | True |         10.0.2.15          | 255.255.255.0 | global | 02:8d:1f:db:13:bf |
[    9.689581] cloud-init[1032]: ci-info: | enp0s3 | True | fe80::8d:1fff:fedb:13bf/64 |       .       |  link  | 02:8d:1f:db:13:bf |
[    9.690340] cloud-init[1032]: ci-info: |   lo   | True |         127.0.0.1          |   255.0.0.0   |  host  |         .         |
[    9.691426] cloud-init[1032]: ci-info: |   lo   | True |          ::1/128           |       .       |  host  |         .         |
[    9.692392] cloud-init[1032]: ci-info: +--------+------+----------------------------+---------------+--------+-------------------+
[    9.693298] cloud-init[1032]: ci-info: ++++++++++++++++++++++++++++Route IPv4 info+++++++++++++++++++++++++++++
[    9.694216] cloud-init[1032]: ci-info: +-------+-------------+----------+-----------------+-----------+-------+
[    9.695020] cloud-init[1032]: ci-info: | Route | Destination | Gateway  |     Genmask     | Interface | Flags |
[    9.695813] cloud-init[1032]: ci-info: +-------+-------------+----------+-----------------+-----------+-------+
[    9.697259] cloud-init[1032]: ci-info: |   0   |   0.0.0.0   | 10.0.2.2 |     0.0.0.0     |   enp0s3  |   UG  |
[    9.698258] cloud-init[1032]: ci-info: |   1   |   10.0.2.0  | 0.0.0.0  |  255.255.255.0  |   enp0s3  |   U   |
[    9.699095] cloud-init[1032]: ci-info: |   2   |   10.0.2.2  | 0.0.0.0  | 255.255.255.255 |   enp0s3  |   UH  |
[    9.699979] cloud-init[1032]: ci-info: +-------+-------------+----------+-----------------+-----------+-------+
[    9.701069] cloud-init[1032]: ci-info: +++++++++++++++++++Route IPv6 info+++++++++++++++++++
[    9.701867] cloud-init[1032]: ci-info: +-------+-------------+---------+-----------+-------+
[    9.702681] cloud-init[1032]: ci-info: | Route | Destination | Gateway | Interface | Flags |
[    9.703422] cloud-init[1032]: ci-info: +-------+-------------+---------+-----------+-------+
[    9.720199] cloud-init[1032]: ci-info: |   1   |  fe80::/64  |    ::   |   enp0s3  |   U   |
[    9.720813] cloud-init[1032]: ci-info: |   3   |    local    |    ::   |   enp0s3  |   U   |
[    9.721523] cloud-init[1032]: ci-info: |   4   |   ff00::/8  |    ::   |   enp0s3  |   U   |
[    9.722203] cloud-init[1032]: ci-info: +-------+-------------+---------+-----------+-------+
[   10.312652] cloud-init[1032]: Generating public/private rsa key pair.
[   10.313767] cloud-init[1032]: Your identification has been saved in /etc/ssh/ssh_host_rsa_key.
[   10.315140] cloud-init[1032]: Your public key has been saved in /etc/ssh/ssh_host_rsa_key.pub.
[   10.316220] cloud-init[1032]: The key fingerprint is:
[   10.316897] cloud-init[1032]: SHA256:5OPZL/yC23qMEUKNwr119DtWtFgsY7qWwlfgl6vm0E8 root@ubuntu-bionic
[   10.317629] cloud-init[1032]: The key's randomart image is:
[   10.318116] cloud-init[1032]: +---[RSA 2048]----+
[   10.318565] cloud-init[1032]: |   . . o ..  .o  |
[   10.319056] cloud-init[1032]: |    o + o o.++.. |
[   10.319357] cloud-init[1032]: |     o o.o +o+o  |
[   10.328219] cloud-init[1032]: |      oo. o +o   |
[   10.328755] cloud-init[1032]: |       oS. =+.   |
[   10.329205] cloud-init[1032]: |       .+==...   |
[   10.329710] cloud-init[1032]: |        +Xo.E    |
[   10.330190] cloud-init[1032]: |        ooO+     |
[   10.330635] cloud-init[1032]: |        o*o++    |
[   10.331078] cloud-init[1032]: +----[SHA256]-----+
[   10.331516] cloud-init[1032]: Generating public/private dsa key pair.
[   10.332110] cloud-init[1032]: Your identification has been saved in /etc/ssh/ssh_host_dsa_key.
[   10.332844] cloud-init[1032]: Your public key has been saved in /etc/ssh/ssh_host_dsa_key.pub.
[   10.333532] cloud-init[1032]: The key fingerprint is:
[   10.333988] cloud-init[1032]: SHA256:A4Q/XteE8t6n5k9xIV73oOLc7yeEL8Cz+wJfG8Z0zYs root@ubuntu-bionic
[   10.334696] cloud-init[1032]: The key's randomart image is:
[   10.335186] cloud-init[1032]: +---[DSA 1024]----+
[   10.335626] cloud-init[1032]: |     ..    .     |
[   10.336100] cloud-init[1032]: |    ..  . . .    |
[   10.336686] cloud-init[1032]: |     ..  o o ..=.|
[   10.337133] cloud-init[1032]: |      o.. o +.+.*|
[   10.337576] cloud-init[1032]: |     . oS+.+.+o +|
[   10.338014] cloud-init[1032]: |      . .+=oBEo+ |
[   10.338456] cloud-init[1032]: |         oo*.B.  |
[   10.338895] cloud-init[1032]: |          + =oo .|
[   10.339334] cloud-init[1032]: |          .*o++o |
[   10.339775] cloud-init[1032]: +----[SHA256]-----+
[   10.340346] cloud-init[1032]: Generating public/private ecdsa key pair.
[   10.340944] cloud-init[1032]: Your identification has been saved in /etc/ssh/ssh_host_ecdsa_key.
[   10.341643] cloud-init[1032]: Your public key has been saved in /etc/ssh/ssh_host_ecdsa_key.pub.
[   10.342339] cloud-init[1032]: The key fingerprint is:
[   10.342801] cloud-init[1032]: SHA256:QarR2sPcut74zljn2w4+0gf8Qws0nT1uTB/OXv0u9rY root@ubuntu-bionic
[   10.343551] cloud-init[1032]: The key's randomart image is:
[   10.344083] cloud-init[1032]: +---[ECDSA 256]---+
[   10.344569] cloud-init[1032]: |        .        |
[   10.345043] cloud-init[1032]: |     . o         |
[   10.345655] cloud-init[1032]: [[0;32m  OK  [0m] Started Initial cloud-init job (metadata service crawler).
[[0;32m  OK  [0m] Reached target Network is Online.
|    . o .  . o   |
[   10.346852] cloud-init[1032]: |     B . .o o +. |         Starting Availability of block devices...
[[0;32m  OK  [0m] Reached target Remote File Systems (Pre).
[[0;32m  OK  [0m] Reached target Remote File Systems.
[[0;32m  OK  [0m] Reached target System Initialization.
[[0;32m  OK  [0m] Listening on Open-iSCSI iscsid Socket.
[[0;32m  OK  [0m] Listening on ACPID Listen Socket.
[[0;32m  OK  [0m] Started Discard unused blocks once a week.
[[0;32m  OK  [0m] Started ACPI Events Check.
[[0;32m  OK  [0m] Started Message of the Day.
[[0;32m  OK  [0m] Listening on cloud-init hotplug hook socket.
[[0;32m  OK  [0m] Listening on D-Bus System Message Bus Socket.
[[0;32m  OK  [0m] Listening on UUID daemon activation socket.
[[0;32m  OK  [0m] Started Daily Cleanup of Temporary Directories.
[[0;32m  OK  [0m] Started Ubuntu Advantage Timer for running repeated jobs.
         Starting Socket activation for snappy daemon.

[   10.352547] cloud-init[1032]: |    o = So . +ooo|
         Starting LXD - unix socket.[   10.362958] 
cloud-init[1032]: |       o  + . +o+|
[   10.363194] cloud-init[1032]: |      . ..o= o. o|
[   10.363377] [[0;32m  OK  [0m] Started Daily apt download activities.
cloud-init[1032]: |       B.+oo= o.o|
[   10.364888] cloud-init[1032]: |     .=o=.+=oo E+|
[   10.365265] cloud-init[1032]: +----[SHA256]-----+
[   10.365637] cloud-init[1032]: Generating public/private ed25519 key pair.
[   10.366148] cloud-init[1032]: Your identification has been saved in /etc/ssh/ssh_host_ed25519_key.
[[   10.366799] cloud-init[1032]: Your public key has been saved in /etc/ssh/ssh_host_ed25519_key.pub.
[   10.366873] cloud-init[1032]: The key fingerprint is:
[   10.366922] cloud-init[1032]: SHA256:ibFBentzKsG4hp4beF87E3CQOgyAgtm0So48zFbTX8w root@ubuntu-bionic
[   10.367176] cloud-init[1032]: The key's randomart image is:
[   10.367441] cloud-init[1032]: +--[ED25519 256]--+
[   10.367706] cloud-init[1032]: |=+.  ..          |
[   10.367971] cloud-init[1032]: |* ..+o  o        |
[   10.368247] cloud-init[1032]: |.+.+.o+  E       |
[   10.368524] cloud-init[1032]: |B.= o+o*..       |
[   10.368777] cloud-init[1032]: |oB ..o*.S .      |
[   10.369036] cloud-init[1032]: |.... ..o +       |
[   10.369294] cloud-init[1032]: |. + o o..        |
[   10.369551] cloud-init[1032]: | o = .oo         |
[   10.369884] cloud-init[1032]: |  +.. .o         |
[   10.370136] cloud-init[1032]: +----[SHA256]-----+
[0;32m  OK  [0m] Started Daily apt upgrade and clean activities.
[[0;32m  OK  [0m] Reached target Timers.
[[0;32m  OK  [0m] Started Trigger to poll for Ubuntu â€¦(Only enabled on GCP LTS non-pro).
[[0;32m  OK  [0m] Reached target Paths.
[[0;32m  OK  [0m] Reached target Cloud-config availability.
[[0;32m  OK  [0m] Started Availability of block devices.
[[0;32m  OK  [0m] Listening on Socket activation for snappy daemon.
[[0;32m  OK  [0m] Listening on LXD - unix socket.
[[0;32m  OK  [0m] Reached target Sockets.
[[0;32m  OK  [0m] Reached target Basic System.
[[0;32m  OK  [0m] Started irqbalance daemon.
         Starting System Logging Service...
         Starting Permit User Sessions...
         Starting Pollinate to seed the pseudo random number generator...
         Starting Accounts Service...
[[0;32m  OK  [0m] Started Regular background program processing daemon.
         Starting Dispatcher daemon for systemd-networkd...
         Starting LSB: automatic crash report generation...
         Starting LSB: Record successful boot for GRUB...
         Starting Virtualbox guest utils...
[[0;32m  OK  [0m] Started D-Bus System Message Bus.
[[0;32m  OK  [0m] Started FUSE filesystem for LXC.
         Starting LXD - container startup/shutdown...
         Starting Snap Daemon...
         Starting Login Service...
[[0;32m  OK  [0m] Started Deferred execution scheduler.
[[0;32m  OK  [0m] Started System Logging Service.
[[0;32m  OK  [0m] Started Permit User Sessions.
         Starting Hold until boot process finishes up...
         Starting Terminate Plymouth Boot Screen...
[[0;32m  OK  [0m] Started Hold until boot process finishes up.
[[0;32m  OK  [0m] Started Serial Getty on ttyS0.
         Starting Set console scheme...
[[0;32m  OK  [0m] Started LSB: automatic crash report generation.
[[0;32m  OK  [0m] Started Terminate Plymouth Boot Screen.
[[0;32m  OK  [0m] Started Set console scheme.
[[0;32m  OK  [0m] Started Login Service.
[[0;32m  OK  [0m] Started Unattended Upgrades Shutdown.
[[0;32m  OK  [0m] Created slice system-getty.slice.
[[0;32m  OK  [0m] Started Getty on tty1.
[[0;32m  OK  [0m] Reached target Login Prompts.
         Starting Authorization Manager...
[[0;32m  OK  [0m] Started Authorization Manager.
[[0;32m  OK  [0m] Started Accounts Service.
[[0;32m  OK  [0m] Started LSB: Record successful boot for GRUB.
[[0;32m  OK  [0m] Started LXD - container startup/shutdown.
[[0;32m  OK  [0m] Started Virtualbox guest utils.
[[0;32m  OK  [0m] Started Dispatcher daemon for systemd-networkd.
[[0;32m  OK  [0m] Started Snap Daemon.
         Starting Wait until snapd is fully seeded...
[[0;32m  OK  [0m] Started Pollinate to seed the pseudo random number generator.
         Starting OpenBSD Secure Shell server...
[[0;32m  OK  [0m] Started OpenBSD Secure Shell server.
[[0;32m  OK  [0m] Created slice User Slice of vagrant.
         Starting User Manager for UID 1000...
[[0;32m  OK  [0m] Started Session 1 of user vagrant.
[[0;32m  OK  [0m] Started User Manager for UID 1000.
[[0;32m  OK  [0m] Started Wait until snapd is fully seeded.
         Starting Apply the settings specified in cloud-config...
[[0;32m  OK  [0m] Reached target Multi-User System.
[[0;32m  OK  [0m] Reached target Graphical Interface.
         Starting Update UTMP about System Runlevel Changes...
[[0;32m  OK  [0m] Started Update UTMP about System Runlevel Changes.
[   13.392293] cloud-init[1647]: Cloud-init v. 21.4-0ubuntu1~18.04.1 running 'modules:config' at Tue, 01 Feb 2022 13:10:17 +0000. Up 12.89 seconds.
[[0;32m  OK  [0m] Started Apply the settings specified in cloud-config.
         Starting Execute cloud user/final scripts...
ci-info: no authorized SSH keys fingerprints found for user ubuntu.
<14>Feb  1 13:10:18 cloud-init: #############################################################
<14>Feb  1 13:10:18 cloud-init: -----BEGIN SSH HOST KEY FINGERPRINTS-----
<14>Feb  1 13:10:18 cloud-init: 1024 SHA256:A4Q/XteE8t6n5k9xIV73oOLc7yeEL8Cz+wJfG8Z0zYs root@ubuntu-bionic (DSA)
<14>Feb  1 13:10:18 cloud-init: 256 SHA256:QarR2sPcut74zljn2w4+0gf8Qws0nT1uTB/OXv0u9rY root@ubuntu-bionic (ECDSA)
<14>Feb  1 13:10:18 cloud-init: 256 SHA256:ibFBentzKsG4hp4beF87E3CQOgyAgtm0So48zFbTX8w root@ubuntu-bionic (ED25519)
<14>Feb  1 13:10:18 cloud-init: 2048 SHA256:5OPZL/yC23qMEUKNwr119DtWtFgsY7qWwlfgl6vm0E8 root@ubuntu-bionic (RSA)
<14>Feb  1 13:10:18 cloud-init: -----END SSH HOST KEY FINGERPRINTS-----
<14>Feb  1 13:10:18 cloud-init: #############################################################
-----BEGIN SSH HOST KEY KEYS-----
ecdsa-sha2-nistp256 AAAAE2VjZHNhLXNoYTItbmlzdHAyNTYAAAAIbmlzdHAyNTYAAABBBH7YJDe6CBzTq3ub+r5NuyFT6q4ucoFr14P9n6JuyPxANqfK7Hb69BHq6P9kCyHrIQQ7y6ca941aOPOUV0Kaa1U= root@ubuntu-bionic
ssh-ed25519 AAAAC3NzaC1lZDI1NTE5AAAAIAyCX45xKjmtm9D8v8kVZl5Pu+b5ymfkAnN3Q61tO7mE root@ubuntu-bionic
ssh-rsa AAAAB3NzaC1yc2EAAAADAQABAAABAQC4q5O+SeKkYN6wml6Oi3NwrR7aEHfLmIA9o/JhX+KXvyCTxH+tC9yOX7DI7NSL2yGbkNBujmS2MX9vcLJfyJNGWG2AblSBrXjHgoswqEnR+/9KYVwZic44SKmo2caCU400r3sZ4hmr6DH8ODEQ9+NHYqBOjZymALwlMYlb15obNy30nzGbugacZAy75qlnw07elFTEYxoJExHOva7FTKBF/tyIEUlHEXd0Iy/U6nDmrqHbX8uRvueLaGeHxtU93D6bIZ5j3p/WJtRj+452JW8nAdduup6x41RCEsSLeZ32UP3tW8QPkDv80wrapzsW5FNMADMPGcPvIb6lr3/mM/W/ root@ubuntu-bionic
-----END SSH HOST KEY KEYS-----
[   13.831093] cloud-init[1760]: Cloud-init v. 21.4-0ubuntu1~18.04.1 running 'modules:final' at Tue, 01 Feb 2022 13:10:18 +0000. Up 13.71 seconds.
[   13.831933] cloud-init[1760]: ci-info: no authorized SSH keys fingerprints found for user ubuntu.
[   13.832606] cloud-init[1760]: Cloud-init v. 21.4-0ubuntu1~18.04.1 finished at Tue, 01 Feb 2022 13:10:18 +0000. Datasource DataSourceNoCloud [seed=/dev/sdb][dsmode=net].  Up 13.82 seconds
[[0;32m  OK  [0m] Started Execute cloud user/final scripts.
[[0;32m  OK  [0m] Reached target Cloud-init target.

Ubuntu 18.04.6 LTS ubuntu-bionic ttyS0

ubuntu-bionic login: 